Requirement already satisfied: pip in /usr/lib/python3/dist-packages (22.0.2)
Collecting pip
  Downloading pip-26.2.1-py3-none-any.whl (1.8 MB)
     ━━━━━━━━━━━━━━━━━━━━━━━━━━━━━━━━━━━━━━━━ 1.8/1.8 MB 19.2 MB/s eta 0:00:00
Installing collected packages: pip
Successfully installed pip-26.2.1
Collecting esptool==4.8.1
  Downloading esptool-4.8.1.tar.gz (409 kB)
  Installing build dependencies: started
  Installing build dependencies: finished with status 'done'
  Getting requirements to build wheel: started
  Getting requirements to build wheel: finished with status 'done'
  Preparing metadata (pyproject.toml): started
  Preparing metadata (pyproject.toml): finished with status 'done'
Collecting bitstring!=4.2.0,>=3.1.6 (from esptool==4.8.1)
  Downloading bitstring-4.4.0-py3-none-any.whl.metadata (5.6 kB)
Requirement already satisfied: cryptography>=2.1.4 in /usr/lib/python3/dist-packages (from esptool==4.8.1) (3.4.8)
Collecting ecdsa>=0.16.0 (from esptool==4.8.1)
  Downloading ecdsa-0.19.2-py2.py3-none-any.whl.metadata (29 kB)
Requirement already satisfied: pyserial>=3.3 in /usr/lib/python3/dist-packages (from esptool==4.8.1) (3.5)
Collecting reedsolo<1.8,>=1.5.3 (from esptool==4.8.1)
  Downloading reedsolo-1.7.0-py3-none-any.whl.metadata (23 kB)
Requirement already satisfied: PyYAML>=5.1 in /usr/lib/python3/dist-packages (from esptool==4.8.1) (5.4.1)
Collecting intelhex (from esptool==4.8.1)
  Downloading intelhex-2.3.0-py2.py3-none-any.whl.metadata (2.7 kB)
Requirement already satisfied: argcomplete>=3 in /usr/local/lib/python3.10/dist-packages (from esptool==4.8.1) (3.7.2)
Collecting bitarray<4.0,>=3.0.0 (from bitstring!=4.2.0,>=3.1.6->esptool==4.8.1)
  Downloading bitarray-3.11.0-cp310-cp310-manylinux2014_x86_64.manylinux_2_17_x86_64.manylinux_2_28_x86_64.whl.metadata (38 kB)
Collecting tibs<0.6,>=0.5.6 (from bitstring!=4.2.0,>=3.1.6->esptool==4.8.1)
  Downloading tibs-0.5.7-cp38-abi3-manylinux_2_17_x86_64.manylinux2014_x86_64.whl.metadata (8.1 kB)
Requirement already satisfied: six>=1.9.0 in /usr/lib/python3/dist-packages (from ecdsa>=0.16.0->esptool==4.8.1) (1.16.0)
Downloading reedsolo-1.7.0-py3-none-any.whl (32 kB)
Downloading bitstring-4.4.0-py3-none-any.whl (76 kB)
Downloading bitarray-3.11.0-cp310-cp310-manylinux2014_x86_64.manylinux_2_17_x86_64.manylinux_2_28_x86_64.whl (374 kB)
Downloading tibs-0.5.7-cp38-abi3-manylinux_2_17_x86_64.manylinux2014_x86_64.whl (423 kB)
Downloading ecdsa-0.19.2-py2.py3-none-any.whl (150 kB)
Downloading intelhex-2.3.0-py2.py3-none-any.whl (50 kB)
Building wheels for collected packages: esptool
  Building wheel for esptool (pyproject.toml): started
  Building wheel for esptool (pyproject.toml): finished with status 'done'
  Created wheel for esptool: filename=esptool-4.8.1-py3-none-any.whl size=534271 sha256=d2c79a1982940ab066240818d505612e364458f9378afa8ebb01fcab96ac89a7
  Stored in directory: /home/runner/.cache/pip/wheels/02/a6/5c/a8ce0b2eaba4c843c823ed797cfe4c24af6d8214377daad3f4
Successfully built esptool
Installing collected packages: reedsolo, intelhex, tibs, ecdsa, bitarray, bitstring, esptool

Successfully installed bitarray-3.11.0 bitstring-4.4.0 ecdsa-0.19.2 esptool-4.8.1 intelhex-2.3.0 reedsolo-1.7.0 tibs-0.5.7
